c:\users\joris\documenten\cmgt\y2t1\c++\cppfinalproject\cppfinalproject\x64\debug\vc143.pdb
c:\users\joris\documenten\cmgt\y2t1\c++\cppfinalproject\cppfinalproject\x64\debug\vc143.idb
c:\users\joris\documenten\cmgt\y2t1\c++\cppfinalproject\cppfinalproject\x64\debug\writebutton.obj
c:\users\joris\documenten\cmgt\y2t1\c++\cppfinalproject\cppfinalproject\x64\debug\ui.obj
c:\users\joris\documenten\cmgt\y2t1\c++\cppfinalproject\cppfinalproject\x64\debug\scene.obj
c:\users\joris\documenten\cmgt\y2t1\c++\cppfinalproject\cppfinalproject\x64\debug\quitbutton.obj
c:\users\joris\documenten\cmgt\y2t1\c++\cppfinalproject\cppfinalproject\x64\debug\playerstats.obj
c:\users\joris\documenten\cmgt\y2t1\c++\cppfinalproject\cppfinalproject\x64\debug\player.obj
c:\users\joris\documenten\cmgt\y2t1\c++\cppfinalproject\cppfinalproject\x64\debug\character.obj
c:\users\joris\documenten\cmgt\y2t1\c++\cppfinalproject\cppfinalproject\x64\debug\playbutton.obj
c:\users\joris\documenten\cmgt\y2t1\c++\cppfinalproject\cppfinalproject\x64\debug\genericlabel.obj
c:\users\joris\documenten\cmgt\y2t1\c++\cppfinalproject\cppfinalproject\x64\debug\gameobject.obj
c:\users\joris\documenten\cmgt\y2t1\c++\cppfinalproject\cppfinalproject\x64\debug\enemymanager.obj
c:\users\joris\documenten\cmgt\y2t1\c++\cppfinalproject\cppfinalproject\x64\debug\enemy.obj
c:\users\joris\documenten\cmgt\y2t1\c++\cppfinalproject\cppfinalproject\x64\debug\cppfinalproject.obj
c:\users\joris\documenten\cmgt\y2t1\c++\cppfinalproject\cppfinalproject\x64\debug\button.obj
c:\users\joris\documenten\cmgt\y2t1\c++\cppfinalproject\x64\debug\sfml-graphics-d-2.dll
c:\users\joris\documenten\cmgt\y2t1\c++\cppfinalproject\x64\debug\sfml-window-d-2.dll
c:\users\joris\documenten\cmgt\y2t1\c++\cppfinalproject\x64\debug\sfml-system-d-2.dll
c:\users\joris\documenten\cmgt\y2t1\c++\cppfinalproject\x64\debug\freetyped.dll
c:\users\joris\documenten\cmgt\y2t1\c++\cppfinalproject\x64\debug\zlibd1.dll
c:\users\joris\documenten\cmgt\y2t1\c++\cppfinalproject\x64\debug\bz2d.dll
c:\users\joris\documenten\cmgt\y2t1\c++\cppfinalproject\x64\debug\libpng16d.dll
c:\users\joris\documenten\cmgt\y2t1\c++\cppfinalproject\x64\debug\brotlidec.dll
c:\users\joris\documenten\cmgt\y2t1\c++\cppfinalproject\x64\debug\brotlicommon.dll
c:\users\joris\documenten\cmgt\y2t1\c++\cppfinalproject\cppfinalproject\x64\debug\cppfinalproject.ilk
c:\users\joris\documenten\cmgt\y2t1\c++\cppfinalproject\x64\debug\cppfinalproject.pdb
c:\users\joris\documenten\cmgt\y2t1\c++\cppfinalproject\cppfinalproject\x64\debug\cppfinalproject.tlog\cl.command.1.tlog
c:\users\joris\documenten\cmgt\y2t1\c++\cppfinalproject\cppfinalproject\x64\debug\cppfinalproject.tlog\cl.items.tlog
c:\users\joris\documenten\cmgt\y2t1\c++\cppfinalproject\cppfinalproject\x64\debug\cppfinalproject.tlog\cl.read.1.tlog
c:\users\joris\documenten\cmgt\y2t1\c++\cppfinalproject\cppfinalproject\x64\debug\cppfinalproject.tlog\cl.write.1.tlog
c:\users\joris\documenten\cmgt\y2t1\c++\cppfinalproject\cppfinalproject\x64\debug\cppfinalproject.tlog\cppfinalproject.write.1u.tlog
c:\users\joris\documenten\cmgt\y2t1\c++\cppfinalproject\cppfinalproject\x64\debug\cppfinalproject.tlog\link.14016-cvtres.read.1.tlog
c:\users\joris\documenten\cmgt\y2t1\c++\cppfinalproject\cppfinalproject\x64\debug\cppfinalproject.tlog\link.14016-cvtres.write.1.tlog
c:\users\joris\documenten\cmgt\y2t1\c++\cppfinalproject\cppfinalproject\x64\debug\cppfinalproject.tlog\link.14016-rc.read.1.tlog
c:\users\joris\documenten\cmgt\y2t1\c++\cppfinalproject\cppfinalproject\x64\debug\cppfinalproject.tlog\link.14016-rc.write.1.tlog
c:\users\joris\documenten\cmgt\y2t1\c++\cppfinalproject\cppfinalproject\x64\debug\cppfinalproject.tlog\link.14016.read.1.tlog
c:\users\joris\documenten\cmgt\y2t1\c++\cppfinalproject\cppfinalproject\x64\debug\cppfinalproject.tlog\link.14016.read.2.tlog
c:\users\joris\documenten\cmgt\y2t1\c++\cppfinalproject\cppfinalproject\x64\debug\cppfinalproject.tlog\link.14016.read.3.tlog
c:\users\joris\documenten\cmgt\y2t1\c++\cppfinalproject\cppfinalproject\x64\debug\cppfinalproject.tlog\link.14016.read.4.tlog
c:\users\joris\documenten\cmgt\y2t1\c++\cppfinalproject\cppfinalproject\x64\debug\cppfinalproject.tlog\link.14016.write.1.tlog
c:\users\joris\documenten\cmgt\y2t1\c++\cppfinalproject\cppfinalproject\x64\debug\cppfinalproject.tlog\link.command.1.tlog
c:\users\joris\documenten\cmgt\y2t1\c++\cppfinalproject\cppfinalproject\x64\debug\cppfinalproject.tlog\link.read.1.tlog
c:\users\joris\documenten\cmgt\y2t1\c++\cppfinalproject\cppfinalproject\x64\debug\cppfinalproject.tlog\link.secondary.1.tlog
c:\users\joris\documenten\cmgt\y2t1\c++\cppfinalproject\cppfinalproject\x64\debug\cppfinalproject.tlog\link.write.1.tlog
